                              1 ;--------------------------------------------------------
                              2 ; File Created by SDCC : free open source ANSI-C Compiler
                              3 ; Version 4.0.0 #11528 (MINGW64)
                              4 ;--------------------------------------------------------
                              5 	.module main
                              6 	.optsdcc -mgbz80
                              7 	
                              8 ;--------------------------------------------------------
                              9 ; Public variables in this module
                             10 ;--------------------------------------------------------
                             11 	.globl _main
                             12 	.globl _inc
                             13 	.globl _test
                             14 ;--------------------------------------------------------
                             15 ; special function registers
                             16 ;--------------------------------------------------------
                             17 ;--------------------------------------------------------
                             18 ; ram data
                             19 ;--------------------------------------------------------
                             20 	.area _DATA
                     0000    21 G$test$0_0$0==.
   0000                      22 _test::
   0000                      23 	.ds 1
                             24 ;--------------------------------------------------------
                             25 ; absolute external ram data
                             26 ;--------------------------------------------------------
                             27 	.area _DABS (ABS)
                             28 ;--------------------------------------------------------
                             29 ; global & static initialisations
                             30 ;--------------------------------------------------------
                             31 	.area _HOME
                             32 	.area _GSINIT
                             33 	.area _GSFINAL
                             34 	.area _GSINIT
                             35 ;--------------------------------------------------------
                             36 ; Home
                             37 ;--------------------------------------------------------
                             38 	.area _HOME
                             39 	.area _HOME
                             40 ;--------------------------------------------------------
                             41 ; code
                             42 ;--------------------------------------------------------
                             43 	.area _CODE
                     0000    44 	G$inc$0$0	= .
                             45 	.globl	G$inc$0$0
                     0000    46 	C$main.c$6$0_0$1	= .
                             47 	.globl	C$main.c$6$0_0$1
                             48 ;main.c:6: void inc() {
                             49 ;	---------------------------------
                             50 ; Function inc
                             51 ; ---------------------------------
   0000                      52 _inc::
                     0000    53 	C$main.c$7$1_0$1	= .
                             54 	.globl	C$main.c$7$1_0$1
                             55 ;main.c:7: test += 1;
   0000 21r00r00             56 	ld	hl, #_test
   0003 7E                   57 	ld	a, (hl)
   0004 3C                   58 	inc	a
   0005 77                   59 	ld	(hl), a
                     0006    60 	C$main.c$8$1_0$1	= .
                             61 	.globl	C$main.c$8$1_0$1
                             62 ;main.c:8: }
                     0006    63 	C$main.c$8$1_0$1	= .
                             64 	.globl	C$main.c$8$1_0$1
                     0006    65 	XG$inc$0$0	= .
                             66 	.globl	XG$inc$0$0
   0006 C9                   67 	ret
                     0007    68 	G$main$0$0	= .
                             69 	.globl	G$main$0$0
                     0007    70 	C$main.c$10$1_0$2	= .
                             71 	.globl	C$main.c$10$1_0$2
                             72 ;main.c:10: void main() {
                             73 ;	---------------------------------
                             74 ; Function main
                             75 ; ---------------------------------
   0007                      76 _main::
                     0007    77 	C$main.c$11$1_0$2	= .
                             78 	.globl	C$main.c$11$1_0$2
                             79 ;main.c:11: EI;
   0007 FB                   80 	ei
                     0008    81 	C$main.c$12$1_0$2	= .
                             82 	.globl	C$main.c$12$1_0$2
                             83 ;main.c:12: inc();
   0008 CDr00r00             84 	call	_inc
                     000B    85 	C$main.c$13$1_0$2	= .
                             86 	.globl	C$main.c$13$1_0$2
                             87 ;main.c:13: test = 0;
   000B 21r00r00             88 	ld	hl, #_test
   000E 36 00                89 	ld	(hl), #0x00
                     0010    90 	C$main.c$14$1_0$2	= .
                             91 	.globl	C$main.c$14$1_0$2
                             92 ;main.c:14: inc();
   0010 CDr00r00             93 	call	_inc
                     0013    94 	C$main.c$15$1_0$2	= .
                             95 	.globl	C$main.c$15$1_0$2
                             96 ;main.c:15: DI;
   0013 F3                   97 	di
                     0014    98 	C$main.c$16$1_0$2	= .
                             99 	.globl	C$main.c$16$1_0$2
                            100 ;main.c:16: inc();
                     0014   101 	C$main.c$17$1_0$2	= .
                            102 	.globl	C$main.c$17$1_0$2
                            103 ;main.c:17: }
                     0014   104 	C$main.c$17$1_0$2	= .
                            105 	.globl	C$main.c$17$1_0$2
                     0014   106 	XG$main$0$0	= .
                            107 	.globl	XG$main$0$0
   0014 C3r00r00            108 	jp	_inc
                            109 	.area _CODE
                            110 	.area _CABS (ABS)
